ok  	github.com/shantanu-1607/raftra/test/chaos	(cached)
